
Allocating common symbols
Common symbol       size              file

timer_test          0x1               ttimer.o
t_timerid           0x4               ttimer.o
DMAC_INT_Flag       0x4               drivers/drivers.o

Memory Configuration

Name             Origin             Length             Attributes
MEM              0x17a00000         0x00010000
*default*        0x00000000         0xffffffff

Linker script and memory map

LOAD /csky-abiv2-elf-tools/bin/../lib/gcc/csky-abiv2-elf/4.5.1/crti.o
LOAD /csky-abiv2-elf-tools/bin/../lib/gcc/csky-abiv2-elf/4.5.1/crtbegin.o
LOAD arch/crt0.o
LOAD arch/entry.o
LOAD main.o
LOAD ttimer.o
LOAD tintc.o
LOAD tuart.o
LOAD drivers/drivers.o
LOAD lib/lib.o
LOAD /csky-abiv2-elf-tools/bin/../lib/gcc/csky-abiv2-elf/4.5.1/../../../../csky-abiv2-elf/lib/libm.a
LOAD /csky-abiv2-elf-tools/bin/../lib/gcc/csky-abiv2-elf/4.5.1/../../../../csky-abiv2-elf/lib/libc.a
LOAD /csky-abiv2-elf-tools/bin/../lib/gcc/csky-abiv2-elf/4.5.1/libgcc.a
LOAD /csky-abiv2-elf-tools/bin/../lib/gcc/csky-abiv2-elf/4.5.1/crtend.o
LOAD /csky-abiv2-elf-tools/bin/../lib/gcc/csky-abiv2-elf/4.5.1/crtn.o
                0x17a00000                PROVIDE (__origin, 0x17a00000)
                0x00010000                PROVIDE (__length, 0x10000)
                0x179feff8                PROVIDE (__stack, 0x179feff8)

.text           0x17a00000     0x4420
                0x17a00000                . = ALIGN (0x4)
 *(.exp_table)
 .exp_table     0x17a00000      0x200 arch/crt0.o
                0x17a00000                ckcpu_vsr_table
                0x17a00200                __stext = .
 *(.text)
 .text          0x17a00200        0x0 /csky-abiv2-elf-tools/bin/../lib/gcc/csky-abiv2-elf/4.5.1/crti.o
 .text          0x17a00200       0x96 /csky-abiv2-elf-tools/bin/../lib/gcc/csky-abiv2-elf/4.5.1/crtbegin.o
 *fill*         0x17a00296        0x2 00
 .text          0x17a00298       0x78 arch/crt0.o
                0x17a00298                __start
 .text          0x17a00310      0x102 arch/entry.o
                0x17a00310                default_exception_handler
                0x17a00318                hw_vsr_default_exception
                0x17a00378                hw_vsr_autovec
                0x17a003d4                hw_vsr_fastautovec
 *fill*         0x17a00412        0x2 00
 .text          0x17a00414       0x74 main.o
                0x17a00464                main
 .text          0x17a00488      0x194 ttimer.o
                0x17a00488                CK_TIMER_Handler
                0x17a004cc                CK_Timer_Test
 .text          0x17a0061c      0x9fc tintc.o
                0x17a0061c                CK_Normal0_Handler
                0x17a00650                CK_Normal63_Handler
                0x17a00690                CK_Fast0_Handler
                0x17a006c4                CK_Fast63_Handler
                0x17a00704                CK_Normal0_Vector_Handler
                0x17a00794                CK_Normal63_Vector_Handler
                0x17a00838                CK_Fast0_Vector_Handler
                0x17a00898                CK_Fast63_Vector_Handler
                0x17a008f8                CK_INTC_AV_Mode_Test
                0x17a00bb4                CK_INTC_SHARE_Mode_Test
                0x17a00d2c                CK_INTC_UNIQUE_Mode_Test
                0x17a00ffc                CK_INTC_Test
 .text          0x17a01018      0x4f8 tuart.o
                0x17a01480                CK_UART_Test
 .text          0x17a01510     0x251c drivers/drivers.o
                0x17a01510                CK_Deactive_TimerModule
                0x17a01568                CK_Timer_Init
                0x17a01574                CK_Timer_Open
                0x17a0163c                CK_Timer_Close
                0x17a016c8                CK_Timer_Start
                0x17a01794                CK_Timer_Stop
                0x17a017ec                CK_Timer_ClearIrqFlag
                0x17a0181c                CK_Timer_CurrentValue
                0x17a01870                DMAC_Init
                0x17a018dc                DMAC_Interrupt_en
                0x17a01984                DMAC_RUN
                0x17a01990                DMAC_Open
                0x17a019ec                DMAC_Cfg
                0x17a01d2c                DMAC_Start
                0x17a01d60                DMAC_CheckDone
                0x17a01da0                DMAC_Close
                0x17a01f08                dmac_isr_handler
                0x17a01f74                DMAMem2MemOpen
                0x17a0202c                DMAMem2PeripheralOpen
                0x17a020ac                DMAPeripheral2MemOpen
                0x17a02104                dmac_app
                0x17a0239c                CK_INTC_Init
                0x17a02540                CK_INTC_EnNormalIrq
                0x17a0259c                CK_INTC_DisNormalIrq
                0x17a025fc                CK_INTC_EnFastIrq
                0x17a02658                CK_INTC_DisFastIrq
                0x17a026bc                CK_INTC_MaskNormalIrq
                0x17a02740                CK_INTC_UnMaskNormalIrq
                0x17a0279c                CK_INTC_MaskFastIrq
                0x17a02804                CK_INTC_UnMaskFastIrq
                0x17a02864                CK_INTC_RequestIrq
                0x17a02ac0                CK_INTC_FreeIrq
                0x17a02d2c                CK_Default_Exception_Handler
                0x17a02d50                CK_Exception_Init
                0x17a02d94                CK_INTC_InterruptService
                0x17a02de8                CK_INTC_FastInterruptService
                0x17a02e3c                CK_CPU_EnAllNormalIrq
                0x17a02e44                CK_CPU_DisAllNormalIrq
                0x17a02e4c                CK_CPU_EnAllFastIrq
                0x17a02e54                CK_CPU_DisAllFastIrq
                0x17a02e5c                CK_CPU_EnterCritical
                0x17a02e74                CK_CPU_ExitCritical
                0x17a02ea8                CK_Deactive_UartModule
                0x17a02f00                CK_Uart_Init
                0x17a02f54                CK_Uart_Open
                0x17a03038                CK_Uart_Close
                0x17a030ac                CK_Uart_ChangeBaudrate
                0x17a03204                CK_Uart_SetParity
                0x17a03308                CK_Uart_SetStopBit
                0x17a033c0                CK_Uart_SetWordSize
                0x17a034e8                CK_Uart_SetTXMode
                0x17a03594                CK_Uart_SetRXMode
                0x17a03640                CK_Uart_DriverInit
                0x17a03654                CK_Uart_GetChar
                0x17a036f0                CK_Uart_GetCharUnBlock
                0x17a0378c                CK_Uart_PutChar
                0x17a039f4                CK_UART_ClearRxBuffer
 .text          0x17a03a2c      0x988 lib/lib.o
                0x17a03a2c                invertchar
                0x17a03a84                tolower
                0x17a03af4                toupper
                0x17a03b64                asciitobcd
                0x17a03bf4                asciitohex
                0x17a03c64                asciitodec
                0x17a03cd8                asciitonum
                0x17a03d3c                delay
                0x17a03d70                CK_WaitForReply
                0x17a03eb4                CK_CircleBuffer_Init
                0x17a03ef0                CK_CircleBuffer_Clear
                0x17a03f10                CK_CircleBuffer_IsEmpty
                0x17a03f2c                CK_CircleBuffer_IsFull
                0x17a03f58                CK_CircleBuffer_Read
                0x17a03fb4                CK_CircleBuffer_Write
                0x17a04148                putchar
                0x17a04174                puts
                0x17a04210                getchar
                0x17a0423c                printf
 .text          0x17a043b4       0x26 /csky-abiv2-elf-tools/bin/../lib/gcc/csky-abiv2-elf/4.5.1/crtend.o
 .text          0x17a043da        0x0 /csky-abiv2-elf-tools/bin/../lib/gcc/csky-abiv2-elf/4.5.1/crtn.o
 *(.text*)
 *(.text.*)
 *(.gnu.warning)
 *(.stub)
 *(.gnu.linkonce.t*)
 *(.glue_7t)
 *(.glue_7)
 *(.jcr)
 *fill*         0x17a043da        0x2 00
 .jcr           0x17a043dc        0x0 /csky-abiv2-elf-tools/bin/../lib/gcc/csky-abiv2-elf/4.5.1/crtbegin.o
 .jcr           0x17a043dc        0x4 /csky-abiv2-elf-tools/bin/../lib/gcc/csky-abiv2-elf/4.5.1/crtend.o
 *(.init)
 .init          0x17a043e0        0x8 /csky-abiv2-elf-tools/bin/../lib/gcc/csky-abiv2-elf/4.5.1/crti.o
                0x17a043e0                _init
 .init          0x17a043e8        0x8 /csky-abiv2-elf-tools/bin/../lib/gcc/csky-abiv2-elf/4.5.1/crtbegin.o
 .init          0x17a043f0        0x8 /csky-abiv2-elf-tools/bin/../lib/gcc/csky-abiv2-elf/4.5.1/crtend.o
 .init          0x17a043f8        0x8 /csky-abiv2-elf-tools/bin/../lib/gcc/csky-abiv2-elf/4.5.1/crtn.o
 *(.fini)
 .fini          0x17a04400        0x8 /csky-abiv2-elf-tools/bin/../lib/gcc/csky-abiv2-elf/4.5.1/crti.o
                0x17a04400                _fini
 .fini          0x17a04408        0x8 /csky-abiv2-elf-tools/bin/../lib/gcc/csky-abiv2-elf/4.5.1/crtbegin.o
 .fini          0x17a04410        0x8 /csky-abiv2-elf-tools/bin/../lib/gcc/csky-abiv2-elf/4.5.1/crtn.o
                0x17a04418                . = ALIGN (0x4)
                0x17a04418                PROVIDE (__ctbp, .)
 *(.call_table_data)
 *(.call_table_text)
                0x17a04420                . = ALIGN (0x10)
 *fill*         0x17a04418        0x8 00
                0x17a04420                __etext = .

.rodata         0x17a04420      0xdf0
                0x17a04420                . = ALIGN (0x4)
                0x17a04420                __srodata = .
 *(.rdata)
 *(.rdata*)
 *(.rdata1)
 *(.rdata.*)
 *(.rodata)
 .rodata        0x17a04420        0x2 main.o
 *fill*         0x17a04422        0x2 00
 .rodata        0x17a04424      0x108 ttimer.o
 .rodata        0x17a0452c      0x492 tintc.o
 *fill*         0x17a049be        0x2 00
 .rodata        0x17a049c0      0x275 tuart.o
 *fill*         0x17a04c35        0x3 00
 .rodata        0x17a04c38      0x562 drivers/drivers.o
 *fill*         0x17a0519a        0x2 00
 .rodata        0x17a0519c       0x6c lib/lib.o
 *(.rodata1)
 *(.rodata*)
 *(.rodata.*)
 *(.rodata.str1.4)
                0x17a05210                . = ALIGN (0x10)
 *fill*         0x17a05208        0x8 00
                0x17a05210                __erodata = .

.data           0x17a05210     0x42e0
                0x17a05210                . = ALIGN (0x4)
                0x17a05210                __sdata = .
                0x17a05210                __data_start = .
                0x17a05210                data_start = .
 *(.got.plt)
 *(.got)
 FILL mask 0x00000000
                0x17a05220                . = ALIGN (0x20)
 *fill*         0x17a05210       0x10 00000000
                0x17a05220        0x4 LONG 0xffffffff
                0x17a05240                . = ALIGN (0x20)
 *fill*         0x17a05224       0x1c 00000000
 *(.gnu.linkonce.r*)
 *(.data)
 .data          0x17a05240        0x0 /csky-abiv2-elf-tools/bin/../lib/gcc/csky-abiv2-elf/4.5.1/crti.o
 .data          0x17a05240        0x4 /csky-abiv2-elf-tools/bin/../lib/gcc/csky-abiv2-elf/4.5.1/crtbegin.o
                0x17a05240                __dso_handle
 .data          0x17a05244        0x0 arch/crt0.o
 .data          0x17a05244        0x0 arch/entry.o
 .data          0x17a05244        0x0 main.o
 .data          0x17a05244        0x4 ttimer.o
                0x17a05244                icrp_timer
 .data          0x17a05248       0x95 tintc.o
                0x17a052d8                icrp_intc
 *fill*         0x17a052dd        0x3 00
 .data          0x17a052e0        0xe tuart.o
                0x17a052e0                data
 *fill*         0x17a052ee        0x2 00
 .data          0x17a052f0     0x41fc drivers/drivers.o
                0x17a053a0                icrp
 .data          0x17a094ec        0x0 lib/lib.o
 .data          0x17a094ec        0x0 /csky-abiv2-elf-tools/bin/../lib/gcc/csky-abiv2-elf/4.5.1/crtend.o
 .data          0x17a094ec        0x0 /csky-abiv2-elf-tools/bin/../lib/gcc/csky-abiv2-elf/4.5.1/crtn.o
 *(.data*)
 *(.data1)
 *(.data.*)
 *(.gnu.linkonce.d*)
 *(.data1)
 *(.gcc_except_table)
 *(.gcc_except_table*)
 *(.sdata)
 *(.sdata.*)
 *(.gnu.linkonce.s.*)
 *(__libc_atexit)
 *(__libc_subinit)
 *(__libc_subfreeres)
 *(.note.ABI-tag)
                0x17a094f0                . = ALIGN (0x10)
 *fill*         0x17a094ec        0x4 00000000
                0x17a094f0                __edata = .

.bss            0x17a094f0      0x230
                0x17a094f0                . = ALIGN (0x4)
                0x17a094f0                __sbss = ALIGN (0x4)
                0x17a094f0                __bss_start = .
 *(.dynsbss)
 *(.sbss)
 *(.sbss.*)
 *(.scommon)
 *(.dynbss)
 *(.bss)
 .bss           0x17a094f0        0x0 /csky-abiv2-elf-tools/bin/../lib/gcc/csky-abiv2-elf/4.5.1/crti.o
 .bss           0x17a094f0       0x20 /csky-abiv2-elf-tools/bin/../lib/gcc/csky-abiv2-elf/4.5.1/crtbegin.o
 .bss           0x17a09510        0x0 arch/crt0.o
 .bss           0x17a09510        0x0 arch/entry.o
 .bss           0x17a09510        0x4 main.o
                0x17a09510                consoleuart
 .bss           0x17a09514        0x0 ttimer.o
 .bss           0x17a09514        0x0 tintc.o
 .bss           0x17a09514        0x0 tuart.o
 .bss           0x17a09514      0x200 drivers/drivers.o
 .bss           0x17a09714        0x0 lib/lib.o
 .bss           0x17a09714        0x0 /csky-abiv2-elf-tools/bin/../lib/gcc/csky-abiv2-elf/4.5.1/crtend.o
 .bss           0x17a09714        0x0 /csky-abiv2-elf-tools/bin/../lib/gcc/csky-abiv2-elf/4.5.1/crtn.o
 *(.bss.*)
 *(COMMON)
 COMMON         0x17a09714        0x8 ttimer.o
                0x17a09714                timer_test
                0x17a09718                t_timerid
 COMMON         0x17a0971c        0x4 drivers/drivers.o
                0x17a0971c                DMAC_INT_Flag
                0x17a09720                . = ALIGN (0x10)
                0x17a09720                __ebss = .
                0x17a09720                __end = .
                0x17a09720                end = .

.eh_frame       0x17a09720        0x4
 *(.eh_frame)
 .eh_frame      0x17a09720        0x0 /csky-abiv2-elf-tools/bin/../lib/gcc/csky-abiv2-elf/4.5.1/crtbegin.o
 .eh_frame      0x17a09720        0x4 /csky-abiv2-elf-tools/bin/../lib/gcc/csky-abiv2-elf/4.5.1/crtend.o

.gcc_except_table
 *(.gcc_except_table .gcc_except_table.*)

.eh_frame
 *(.eh_frame)

.gcc_except_table
 *(.gcc_except_table .gcc_except_table.*)

.eh_frame_hdr
 *(.eh_frame_hdr)

.preinit_array  0x00000000        0x0
                0x00000000                PROVIDE (__preinit_array_start, .)
 *(.preinit_array)
                0x00000000                PROVIDE (__preinit_array_end, .)

.init_array     0x00000000        0x0
                0x00000000                PROVIDE (__init_array_start, .)
 *(SORT(.init_array.*))
 *(.init_array)
                0x00000000                PROVIDE (__init_array_end, .)

.fini_array     0x00000000        0x0
                0x00000000                PROVIDE (__fini_array_start, .)
 *(.fini_array)
 *(SORT(.fini_array.*))
                0x00000000                PROVIDE (__fini_array_end, .)

.ctors          0x17a09724        0x8
 *crtbegin.o(.ctors)
 .ctors         0x17a09724        0x4 /csky-abiv2-elf-tools/bin/../lib/gcc/csky-abiv2-elf/4.5.1/crtbegin.o
 *crtbegin?.o(.ctors)
 *(EXCLUDE_FILE(*crtend?.o *crtend.o) .ctors)
 *(SORT(.ctors.*))
 *(.ctors)
 .ctors         0x17a09728        0x4 /csky-abiv2-elf-tools/bin/../lib/gcc/csky-abiv2-elf/4.5.1/crtend.o

.dtors          0x17a0972c        0x8
 *crtbegin.o(.dtors)
 .dtors         0x17a0972c        0x4 /csky-abiv2-elf-tools/bin/../lib/gcc/csky-abiv2-elf/4.5.1/crtbegin.o
 *crtbegin?.o(.dtors)
 *(EXCLUDE_FILE(*crtend?.o *crtend.o) .dtors)
 *(SORT(.dtors.*))
 *(.dtors)
 .dtors         0x17a09730        0x4 /csky-abiv2-elf-tools/bin/../lib/gcc/csky-abiv2-elf/4.5.1/crtend.o
                0x17a09730                __DTOR_END__

.junk           0x00000000        0x0
 *(.rel*)
 .rela.text     0x00000000        0x0 /csky-abiv2-elf-tools/bin/../lib/gcc/csky-abiv2-elf/4.5.1/crtbegin.o
 *(.rela*)

.csky_stack_size
                0x00000000      0x3d4
 .csky_stack_size
                0x00000000       0x24 /csky-abiv2-elf-tools/bin/../lib/gcc/csky-abiv2-elf/4.5.1/crtbegin.o
 *fill*         0x00000024        0xc 00
 .csky_stack_size
                0x00000030       0x24 main.o
 *fill*         0x00000054        0xc 00
 .csky_stack_size
                0x00000060       0x14 ttimer.o
 *fill*         0x00000074        0xc 00
 .csky_stack_size
                0x00000080       0x64 tintc.o
 *fill*         0x000000e4        0xc 00
 .csky_stack_size
                0x000000f0       0x2c tuart.o
 *fill*         0x0000011c        0x4 00
 .csky_stack_size
                0x00000120      0x1c4 drivers/drivers.o
 *fill*         0x000002e4        0xc 00
 .csky_stack_size
                0x000002f0       0xc4 lib/lib.o
 *fill*         0x000003b4        0xc 00
 .csky_stack_size
                0x000003c0       0x14 /csky-abiv2-elf-tools/bin/../lib/gcc/csky-abiv2-elf/4.5.1/crtend.o

.stab           0x00000000      0x624
 *(.stab)
 .stab          0x00000000      0x1e0 arch/crt0.o
 .stab          0x000001e0      0x444 arch/entry.o
                                0x450 (size before relaxing)

.stabstr        0x00000000       0x8f
 *(.stabstr)
 .stabstr       0x00000000       0x8f arch/crt0.o

.stab.excl
 *(.stab.excl)

.stab.exclstr
 *(.stab.exclstr)

.stab.index
 *(.stab.index)

.stab.indexstr
 *(.stab.indexstr)

.comment        0x00000000       0x3e
 *(.comment)
 .comment       0x00000000       0x3e /csky-abiv2-elf-tools/bin/../lib/gcc/csky-abiv2-elf/4.5.1/crtbegin.o
                                 0x3f (size before relaxing)
 .comment       0x00000000       0x3f main.o
 .comment       0x00000000       0x3f ttimer.o
 .comment       0x00000000       0x3f tintc.o
 .comment       0x00000000       0x3f tuart.o
 .comment       0x00000000       0xfc drivers/drivers.o
 .comment       0x00000000       0xbd lib/lib.o
 .comment       0x00000000       0x3f /csky-abiv2-elf-tools/bin/../lib/gcc/csky-abiv2-elf/4.5.1/crtend.o

.debug
 *(.debug)

.line
 *(.line)

.debug_srcinfo
 *(.debug_srcinfo)

.debug_sfnames
 *(.debug_sfnames)

.debug_aranges  0x00000000      0x160
 *(.debug_aranges)
 .debug_aranges
                0x00000000       0x20 main.o
 .debug_aranges
                0x00000020       0x20 ttimer.o
 .debug_aranges
                0x00000040       0x20 tintc.o
 .debug_aranges
                0x00000060       0x20 tuart.o
 .debug_aranges
                0x00000080       0x80 drivers/drivers.o
 .debug_aranges
                0x00000100       0x60 lib/lib.o

.debug_pubnames
                0x00000000      0x8e1
 *(.debug_pubnames)
 .debug_pubnames
                0x00000000       0x2b main.o
 .debug_pubnames
                0x0000002b       0x65 ttimer.o
 .debug_pubnames
                0x00000090      0x153 tintc.o
 .debug_pubnames
                0x000001e3       0x2c tuart.o
 .debug_pubnames
                0x0000020f      0x552 drivers/drivers.o
 .debug_pubnames
                0x00000761      0x180 lib/lib.o

.debug_info     0x00000000     0x2cb8
 *(.debug_info .gnu.linkonce.wi.*)
 .debug_info    0x00000000      0x132 main.o
 .debug_info    0x00000132      0x25c ttimer.o
 .debug_info    0x0000038e      0x47a tintc.o
 .debug_info    0x00000808      0x2f9 tuart.o
 .debug_info    0x00000b01     0x1a3a drivers/drivers.o
 .debug_info    0x0000253b      0x77d lib/lib.o

.debug_abbrev   0x00000000      0xd8c
 *(.debug_abbrev)
 .debug_abbrev  0x00000000       0xd0 main.o
 .debug_abbrev  0x000000d0      0x103 ttimer.o
 .debug_abbrev  0x000001d3      0x1a1 tintc.o
 .debug_abbrev  0x00000374      0x101 tuart.o
 .debug_abbrev  0x00000475      0x653 drivers/drivers.o
 .debug_abbrev  0x00000ac8      0x2c4 lib/lib.o

.debug_line     0x00000000     0x350d
 *(.debug_line)
 .debug_line    0x00000000      0x15d main.o
 .debug_line    0x0000015d      0x213 ttimer.o
 .debug_line    0x00000370      0x7e0 tintc.o
 .debug_line    0x00000b50      0x4c1 tuart.o
 .debug_line    0x00001011     0x1bed drivers/drivers.o
 .debug_line    0x00002bfe      0x90f lib/lib.o

.debug_frame    0x00000000      0x9dc
 *(.debug_frame)
 .debug_frame   0x00000000       0x70 main.o
 .debug_frame   0x00000070       0x44 ttimer.o
 .debug_frame   0x000000b4      0x134 tintc.o
 .debug_frame   0x000001e8       0x88 tuart.o
 .debug_frame   0x00000270      0x548 drivers/drivers.o
 .debug_frame   0x000007b8      0x224 lib/lib.o

.debug_str      0x00000000      0xea8
 *(.debug_str)
 .debug_str     0x00000000      0x11f main.o
                                0x13d (size before relaxing)
 .debug_str     0x0000011f       0xd7 ttimer.o
                                0x175 (size before relaxing)
 .debug_str     0x000001f6      0x1a4 tintc.o
                                0x2fc (size before relaxing)
 .debug_str     0x0000039a      0x114 tuart.o
                                0x1e0 (size before relaxing)
 .debug_str     0x000004ae      0x82c drivers/drivers.o
                                0xdc3 (size before relaxing)
 .debug_str     0x00000cda      0x1ce lib/lib.o
                                0x426 (size before relaxing)

.debug_loc
 *(.debug_loc)

.debug_macinfo  0x00000000    0x1dc40
 *(.debug_macinfo)
 .debug_macinfo
                0x00000000     0x2b83 main.o
 .debug_macinfo
                0x00002b83     0x2bfe ttimer.o
 .debug_macinfo
                0x00005781     0x2bd5 tintc.o
 .debug_macinfo
                0x00008356     0x257f tuart.o
 .debug_macinfo
                0x0000a8d5     0xe406 drivers/drivers.o
 .debug_macinfo
                0x00018cdb     0x4f65 lib/lib.o

.debug_weaknames
 *(.debug_weaknames)

.debug_funcnames
 *(.debug_funcnames)

.debug_typenames
 *(.debug_typenames)

.debug_varnames
 *(.debug_varnames)

.debug_pubtypes
                0x00000000      0x5e6
 *(.debug_pubtypes)
 .debug_pubtypes
                0x00000000       0x31 main.o
 .debug_pubtypes
                0x00000031       0x5f ttimer.o
 .debug_pubtypes
                0x00000090       0xc9 tintc.o
 .debug_pubtypes
                0x00000159       0x68 tuart.o
 .debug_pubtypes
                0x000001c1      0x329 drivers/drivers.o
 .debug_pubtypes
                0x000004ea       0xfc lib/lib.o

.debug_ranges
 *(.debug_ranges)

.gnu.attributes
 *(.gnu.attributes)

/DISCARD/
 *(.note.GNU-stack)
 *(.gnu_debuglink)
 *(.gnu.lto_*)
OUTPUT(Uart.elf elf32-csky-little)
